#
# There is insufficient memory for the Java Runtime Environment to continue.
# Native memory allocation (malloc) failed to allocate 362752 bytes. Error detail: Chunk::new
# Possible reasons:
#   The system is out of physical RAM or swap space
#   This process is running with CompressedOops enabled, and the Java Heap may be blocking the growth of the native heap
# Possible solutions:
#   Reduce memory load on the system
#   Increase physical memory or swap space
#   Check if swap backing store is full
#   Decrease Java heap size (-Xmx/-Xms)
#   Decrease number of Java threads
#   Decrease Java thread stack sizes (-Xss)
#   Set larger code cache with -XX:ReservedCodeCacheSize=
#   JVM is running with Zero Based Compressed Oops mode in which the Java heap is
#     placed in the first 32GB address space. The Java Heap base address is the
#     maximum limit for the native heap growth. Please use -XX:HeapBaseMinAddress
#     to set the Java Heap base and to place the Java Heap above 32GB virtual address.
# This output file may be truncated or incomplete.
#
#  Out of Memory Error (arena.cpp:191), pid=18392, tid=7096
#
# JRE version: OpenJDK Runtime Environment Microsoft-13106358 (17.0.18+8) (build 17.0.18+8-LTS)
# Java VM: OpenJDK 64-Bit Server VM Microsoft-13106358 (17.0.18+8-LTS, mixed mode, sharing, tiered, compressed oops, compressed class ptrs, g1 gc, windows-amd64)
# No core dump will be written. Minidumps are not enabled by default on client versions of Windows
#

---------------  S U M M A R Y ------------

Command Line: -XX:MaxMetaspaceSize=512m --add-opens=java.base/java.util=ALL-UNNAMED --add-opens=java.base/java.lang=ALL-UNNAMED --add-opens=java.base/java.lang.invoke=ALL-UNNAMED --add-opens=java.prefs/java.util.prefs=ALL-UNNAMED --add-exports=jdk.compiler/com.sun.tools.javac.api=ALL-UNNAMED --add-exports=jdk.compiler/com.sun.tools.javac.util=ALL-UNNAMED --add-opens=java.base/java.nio.charset=ALL-UNNAMED --add-opens=java.base/java.net=ALL-UNNAMED --add-opens=java.base/java.util.concurrent.atomic=ALL-UNNAMED -Xmx3072m -Dfile.encoding=utf8 -Duser.country=US -Duser.language=en -Duser.variant -javaagent:C:\Users\shres\.gradle\wrapper\dists\gradle-8.9-bin\90cnw93cvbtalezasaz0blq0a\gradle-8.9\lib\agents\gradle-instrumentation-agent-8.9.jar org.gradle.launcher.daemon.bootstrap.GradleDaemon 8.9

Host: Intel(R) Core(TM) i7-8750H CPU @ 2.20GHz, 12 cores, 15G,  Windows 11 , 64 bit Build 26100 (10.0.26100.7920)
Time: Mon Mar 30 22:03:09 2026 Nepal Standard Time elapsed time: 32.588415 seconds (0d 0h 0m 32s)

---------------  T H R E A D  ---------------

Current thread (0x000001e909b8b640):  JavaThread "C2 CompilerThread0" daemon [_thread_in_native, id=7096, stack(0x0000003087c00000,0x0000003087d00000)]


Current CompileTask:
C2:32588 8033       4       sun.nio.ch.IOUtil::write (14 bytes)

Stack: [0x0000003087c00000,0x0000003087d00000]
Native frames: (J=compiled Java code, j=interpreted, Vv=VM code, C=native code)
V  [jvm.dll+0x68c879]  (no source info available)
V  [jvm.dll+0x845979]  (no source info available)
V  [jvm.dll+0x8476e8]  (no source info available)
V  [jvm.dll+0x847d73]  (no source info available)
V  [jvm.dll+0x24cf6f]  (no source info available)
V  [jvm.dll+0xaecb6]  (no source info available)
V  [jvm.dll+0xaf35c]  (no source info available)
V  [jvm.dll+0x37174e]  (no source info available)
V  [jvm.dll+0x1c08f9]  (no source info available)
V  [jvm.dll+0x21e080]  (no source info available)
V  [jvm.dll+0x21d36d]  (no source info available)
V  [jvm.dll+0x1a8ce6]  (no source info available)
V  [jvm.dll+0x22db1b]  (no source info available)
V  [jvm.dll+0x22bca6]  (no source info available)
V  [jvm.dll+0x7fbabb]  (no source info available)
V  [jvm.dll+0x7f5ebc]  (no source info available)
V  [jvm.dll+0x68de17]  (no source info available)
C  [ucrtbase.dll+0x37b0]  (no source info available)
C  [KERNEL32.DLL+0x2e8d7]  (no source info available)
C  [ntdll.dll+0x8c48c]  (no source info available)


---------------  P R O C E S S  ---------------

Threads class SMR info:
_java_thread_list=0x000001e92f964ef0, length=50, elements={
0x000001e968b1bfc0, 0x000001e909b5c840, 0x000001e909b5d310, 0x000001e909b86fc0,
0x000001e909b87890, 0x000001e909b88160, 0x000001e909b8aa40, 0x000001e909b8b640,
0x000001e909b94010, 0x000001e909b9a3c0, 0x000001e909b40940, 0x000001e909d7bfa0,
0x000001e92acaac20, 0x000001e92a690050, 0x000001e92af1c060, 0x000001e92adccc60,
0x000001e9294d7590, 0x000001e9294d89d0, 0x000001e9294d9900, 0x000001e9294d9e10,
0x000001e92cd9f7f0, 0x000001e92cd9d480, 0x000001e92cd9e3b0, 0x000001e92cd9f2e0,
0x000001e92cd9ca60, 0x000001e92cd9d990, 0x000001e92cd9dea0, 0x000001e92cda2fa0,
0x000001e92cda2070, 0x000001e92d9845b0, 0x000001e92d984ac0, 0x000001e92d9840a0,
0x000001e92d983680, 0x000001e92d981820, 0x000001e92d984fd0, 0x000001e92d982c60,
0x000001e92d983b90, 0x000001e92d982750, 0x000001e92d982240, 0x000001e92d985f00,
0x000001e92d986410, 0x000001e92d988270, 0x000001e92d986920, 0x000001e92d9891a0,
0x000001e92e2d9a30, 0x000001e92d986e30, 0x000001e92d987340, 0x000001e92d987d60,
0x000001e92e2d6a60, 0x000001e92d987850
}

Java Threads: ( => current thread )
  0x000001e968b1bfc0 JavaThread "main" [_thread_blocked, id=17572, stack(0x0000003086f00000,0x0000003087000000)]
  0x000001e909b5c840 JavaThread "Reference Handler" daemon [_thread_blocked, id=7968, stack(0x0000003087600000,0x0000003087700000)]
  0x000001e909b5d310 JavaThread "Finalizer" daemon [_thread_blocked, id=9372, stack(0x0000003087700000,0x0000003087800000)]
  0x000001e909b86fc0 JavaThread "Signal Dispatcher" daemon [_thread_blocked, id=2860, stack(0x0000003087800000,0x0000003087900000)]
  0x000001e909b87890 JavaThread "Attach Listener" daemon [_thread_blocked, id=7360, stack(0x0000003087900000,0x0000003087a00000)]
  0x000001e909b88160 JavaThread "Service Thread" daemon [_thread_blocked, id=7508, stack(0x0000003087a00000,0x0000003087b00000)]
  0x000001e909b8aa40 JavaThread "Monitor Deflation Thread" daemon [_thread_blocked, id=16576, stack(0x0000003087b00000,0x0000003087c00000)]
=>0x000001e909b8b640 JavaThread "C2 CompilerThread0" daemon [_thread_in_native, id=7096, stack(0x0000003087c00000,0x0000003087d00000)]
  0x000001e909b94010 JavaThread "C1 CompilerThread0" daemon [_thread_blocked, id=9644, stack(0x0000003087d00000,0x0000003087e00000)]
  0x000001e909b9a3c0 JavaThread "Sweeper thread" daemon [_thread_blocked, id=5904, stack(0x0000003087e00000,0x0000003087f00000)]
  0x000001e909b40940 JavaThread "Common-Cleaner" daemon [_thread_blocked, id=18004, stack(0x0000003087f00000,0x0000003088000000)]
  0x000001e909d7bfa0 JavaThread "Notification Thread" daemon [_thread_blocked, id=14460, stack(0x0000003088100000,0x0000003088200000)]
  0x000001e92acaac20 JavaThread "Daemon health stats" [_thread_blocked, id=432, stack(0x0000003088900000,0x0000003088a00000)]
  0x000001e92a690050 JavaThread "Incoming local TCP Connector on port 55239" [_thread_in_native, id=19416, stack(0x0000003088000000,0x0000003088100000)]
  0x000001e92af1c060 JavaThread "Daemon periodic checks" [_thread_blocked, id=19404, stack(0x0000003088a00000,0x0000003088b00000)]
  0x000001e92adccc60 JavaThread "Daemon" [_thread_blocked, id=7628, stack(0x0000003088c00000,0x0000003088d00000)]
  0x000001e9294d7590 JavaThread "Daemon worker" [_thread_in_native, id=6336, stack(0x0000003088f00000,0x0000003089000000)]
  0x000001e9294d89d0 JavaThread "Cache worker for journal cache (C:\Users\shres\.gradle\caches\journal-1)" [_thread_blocked, id=7604, stack(0x0000003089300000,0x0000003089400000)]
  0x000001e9294d9900 JavaThread "File lock request listener" [_thread_in_native, id=6044, stack(0x0000003089400000,0x0000003089500000)]
  0x000001e9294d9e10 JavaThread "Cache worker for file hash cache (C:\Users\shres\.gradle\caches\8.9\fileHashes)" [_thread_blocked, id=11548, stack(0x0000003089500000,0x0000003089600000)]
  0x000001e92cd9f7f0 JavaThread "File lock release action executor" [_thread_blocked, id=2228, stack(0x0000003089800000,0x0000003089900000)]
  0x000001e92cd9d480 JavaThread "File watcher server" daemon [_thread_in_native, id=1792, stack(0x0000003089e00000,0x0000003089f00000)]
  0x000001e92cd9e3b0 JavaThread "File watcher consumer" daemon [_thread_blocked, id=7652, stack(0x0000003089f00000,0x000000308a000000)]
  0x000001e92cd9f2e0 JavaThread "jar transforms" [_thread_blocked, id=12928, stack(0x000000308a000000,0x000000308a100000)]
  0x000001e92cd9ca60 JavaThread "jar transforms Thread 2" [_thread_blocked, id=1968, stack(0x000000308a100000,0x000000308a200000)]
  0x000001e92cd9d990 JavaThread "jar transforms Thread 3" [_thread_blocked, id=13436, stack(0x000000308a200000,0x000000308a300000)]
  0x000001e92cd9dea0 JavaThread "Cache worker for file content cache (C:\Users\shres\.gradle\caches\8.9\fileContent)" [_thread_blocked, id=13276, stack(0x0000003088b00000,0x0000003088c00000)]
  0x000001e92cda2fa0 JavaThread "jar transforms Thread 4" [_thread_blocked, id=4820, stack(0x000000308a800000,0x000000308a900000)]
  0x000001e92cda2070 JavaThread "jar transforms Thread 5" [_thread_blocked, id=8212, stack(0x000000308a900000,0x000000308aa00000)]
  0x000001e92d9845b0 JavaThread "jar transforms Thread 6" [_thread_blocked, id=8640, stack(0x000000308aa00000,0x000000308ab00000)]
  0x000001e92d984ac0 JavaThread "jar transforms Thread 7" [_thread_blocked, id=17832, stack(0x000000308ab00000,0x000000308ac00000)]
  0x000001e92d9840a0 JavaThread "jar transforms Thread 8" [_thread_blocked, id=5424, stack(0x000000308ac00000,0x000000308ad00000)]
  0x000001e92d983680 JavaThread "jar transforms Thread 9" [_thread_blocked, id=18620, stack(0x000000308ad00000,0x000000308ae00000)]
  0x000001e92d981820 JavaThread "jar transforms Thread 10" [_thread_blocked, id=19304, stack(0x000000308ae00000,0x000000308af00000)]
  0x000001e92d984fd0 JavaThread "jar transforms Thread 11" [_thread_blocked, id=14592, stack(0x000000308af00000,0x000000308b000000)]
  0x000001e92d982c60 JavaThread "jar transforms Thread 12" [_thread_blocked, id=17468, stack(0x000000308b000000,0x000000308b100000)]
  0x000001e92d983b90 JavaThread "VFS cleanup" [_thread_blocked, id=9916, stack(0x0000003089000000,0x0000003089100000)]
  0x000001e92d982750 JavaThread "Handler for socket connection from /127.0.0.1:55239 to /127.0.0.1:55241" [_thread_in_native, id=13396, stack(0x0000003088d00000,0x0000003088e00000)]
  0x000001e92d982240 JavaThread "Cancel handler" [_thread_blocked, id=11808, stack(0x0000003088e00000,0x0000003088f00000)]
  0x000001e92d985f00 JavaThread "Asynchronous log dispatcher for DefaultDaemonConnection: socket connection from /127.0.0.1:55239 to /127.0.0.1:55241" [_thread_blocked, id=3964, stack(0x0000003089100000,0x0000003089200000)]
  0x000001e92d986410 JavaThread "Stdin handler" [_thread_blocked, id=9856, stack(0x0000003089200000,0x0000003089300000)]
  0x000001e92d988270 JavaThread "Daemon client event forwarder" [_thread_blocked, id=14996, stack(0x0000003089600000,0x0000003089700000)]
  0x000001e92d986920 JavaThread "Cache worker for file hash cache (D:\PBP\v3.0-react-native-fullstack\PayBackPal\android\.gradle\8.9\fileHashes)" [_thread_blocked, id=11868, stack(0x000000308a400000,0x000000308a500000)]
  0x000001e92d9891a0 JavaThread "Cache worker for Build Output Cleanup Cache (D:\PBP\v3.0-react-native-fullstack\PayBackPal\android\.gradle\buildOutputCleanup)" [_thread_blocked, id=1820, stack(0x000000308a500000,0x000000308a600000)]
  0x000001e92e2d9a30 JavaThread "C2 CompilerThread1" daemon [_thread_in_native, id=15912, stack(0x000000308a600000,0x000000308a700000)]
  0x000001e92d986e30 JavaThread "Cache worker for checksums cache (D:\PBP\v3.0-react-native-fullstack\PayBackPal\android\.gradle\8.9\checksums)" [_thread_blocked, id=18504, stack(0x000000308a700000,0x000000308a800000)]
  0x000001e92d987340 JavaThread "Cache worker for cache directory md-rule (C:\Users\shres\.gradle\caches\8.9\md-rule)" [_thread_blocked, id=3032, stack(0x000000308b100000,0x000000308b200000)]
  0x000001e92d987d60 JavaThread "Cache worker for cache directory md-supplier (C:\Users\shres\.gradle\caches\8.9\md-supplier)" [_thread_blocked, id=3104, stack(0x000000308b200000,0x000000308b300000)]
  0x000001e92e2d6a60 JavaThread "C2 CompilerThread2" daemon [_thread_in_native, id=6356, stack(0x000000308b300000,0x000000308b400000)]
  0x000001e92d987850 JavaThread "Cache worker for Build Output Cleanup Cache (D:\PBP\v3.0-react-native-fullstack\PayBackPal\node_modules\@react-native\gradle-plugin\.gradle\buildOutputCleanup)" [_thread_blocked, id=6604, stack(0x000000308b400000,0x000000308b500000)]

Other Threads:
  0x000001e909b4f830 VMThread "VM Thread" [stack: 0x0000003087500000,0x0000003087600000] [id=4940]
  0x000001e968b1cd50 WatcherThread [stack: 0x0000003088200000,0x0000003088300000] [id=3496]
  0x000001e968b79770 GCTaskThread "GC Thread#0" [stack: 0x0000003087000000,0x0000003087100000] [id=10500]
  0x000001e9292b7310 GCTaskThread "GC Thread#1" [stack: 0x0000003088400000,0x0000003088500000] [id=18964]
  0x000001e9292b75e0 GCTaskThread "GC Thread#2" [stack: 0x0000003088500000,0x0000003088600000] [id=4276]
  0x000001e9292b78b0 GCTaskThread "GC Thread#3" [stack: 0x0000003088600000,0x0000003088700000] [id=18572]
  0x000001e929669180 GCTaskThread "GC Thread#4" [stack: 0x0000003088700000,0x0000003088800000] [id=5788]
  0x000001e92966a800 GCTaskThread "GC Thread#5" [stack: 0x0000003088800000,0x0000003088900000] [id=3060]
  0x000001e929668be0 GCTaskThread "GC Thread#6" [stack: 0x0000003088300000,0x0000003088400000] [id=18732]
  0x000001e92b4ceaf0 GCTaskThread "GC Thread#7" [stack: 0x0000003089900000,0x0000003089a00000] [id=4564]
  0x000001e92b4cedc0 GCTaskThread "GC Thread#8" [stack: 0x0000003089a00000,0x0000003089b00000] [id=11920]
  0x000001e92b4d1ac0 GCTaskThread "GC Thread#9" [stack: 0x0000003089b00000,0x0000003089c00000] [id=16844]
  0x000001e968b872b0 ConcurrentGCThread "G1 Main Marker" [stack: 0x0000003087100000,0x0000003087200000] [id=10524]
  0x000001e968b87be0 ConcurrentGCThread "G1 Conc#0" [stack: 0x0000003087200000,0x0000003087300000] [id=12372]
  0x000001e92b4cfbd0 ConcurrentGCThread "G1 Conc#1" [stack: 0x0000003089c00000,0x0000003089d00000] [id=16160]
  0x000001e92b4cf900 ConcurrentGCThread "G1 Conc#2" [stack: 0x0000003089d00000,0x0000003089e00000] [id=11536]
  0x000001e968bce5a0 ConcurrentGCThread "G1 Refine#0" [stack: 0x0000003087300000,0x0000003087400000] [id=5532]
  0x000001e909a0d540 ConcurrentGCThread "G1 Service" [stack: 0x0000003087400000,0x0000003087500000] [id=9860]

Threads with active compile tasks:
C2 CompilerThread0  32693 8033       4       sun.nio.ch.IOUtil::write (14 bytes)
C2 CompilerThread1  32693 8055       4       org.objectweb.asm.signature.SignatureWriter::visitFormalTypeParameter (42 bytes)
C2 CompilerThread2  32694 8052       4       org.gradle.internal.classpath.InPlaceClasspathBuilder$ZipEntryBuilder::maybeAddParent (50 bytes)

VM state: not at safepoint (normal execution)

VM Mutex/Monitor currently owned by a thread: None

Heap address: 0x0000000740000000, size: 3072 MB, Compressed Oops mode: Zero based, Oop shift amount: 3

CDS archive(s) mapped at: [0x000001e90a000000-0x000001e90abb0000-0x000001e90abb0000), size 12255232, SharedBaseAddress: 0x000001e90a000000, ArchiveRelocationMode: 1.
Compressed class space mapped at: 0x000001e90b000000-0x000001e925000000, reserved size: 436207616
Narrow klass base: 0x000001e90a000000, Narrow klass shift: 0, Narrow klass range: 0x100000000

GC Precious Log:
 CPUs: 12 total, 12 available
 Memory: 16303M
 Large Page Support: Disabled
 NUMA Support: Disabled
 Compressed Oops: Enabled (Zero based)
 Heap Region Size: 2M
 Heap Min Capacity: 8M
 Heap Initial Capacity: 256M
 Heap Max Capacity: 3G
 Pre-touch: Disabled
 Parallel Workers: 10
 Concurrent Workers: 3
 Concurrent Refinement Workers: 10
 Periodic GC: Disabled

Heap:
 garbage-first heap   total 331776K, used 124704K [0x0000000740000000, 0x0000000800000000)
  region size 2048K, 36 young (73728K), 2 survivors (4096K)
 Metaspace       used 48470K, committed 49024K, reserved 491520K
  class space    used 6650K, committed 6912K, reserved 425984K

Heap Regions: E=young(eden), S=young(survivor), O=old, HS=humongous(starts), HC=humongous(continues), CS=collection set, F=free, OA=open archive, CA=closed archive, TAMS=top-at-mark-start (previous, next)
|   0|0x0000000740000000, 0x0000000740200000, 0x0000000740200000|100%| O|  |TAMS 0x0000000740200000, 0x0000000740200000| Untracked 
|   1|0x0000000740200000, 0x0000000740400000, 0x0000000740400000|100%|HS|  |TAMS 0x0000000740400000, 0x0000000740400000| Complete 
|   2|0x0000000740400000, 0x0000000740600000, 0x0000000740600000|100%|HC|  |TAMS 0x0000000740600000, 0x0000000740600000| Complete 
|   3|0x0000000740600000, 0x0000000740800000, 0x0000000740800000|100%| O|  |TAMS 0x0000000740800000, 0x0000000740800000| Untracked 
|   4|0x0000000740800000, 0x0000000740a00000, 0x0000000740a00000|100%| O|  |TAMS 0x0000000740a00000, 0x0000000740a00000| Untracked 
|   5|0x0000000740a00000, 0x0000000740b4a000, 0x0000000740c00000| 64%| O|  |TAMS 0x0000000740b4a000, 0x0000000740b4a000| Untracked 
|   6|0x0000000740c00000, 0x0000000740e00000, 0x0000000740e00000|100%| O|  |TAMS 0x0000000740e00000, 0x0000000740e00000| Untracked 
|   7|0x0000000740e00000, 0x0000000741000000, 0x0000000741000000|100%| O|  |TAMS 0x0000000741000000, 0x0000000741000000| Untracked 
|   8|0x0000000741000000, 0x0000000741200000, 0x0000000741200000|100%| O|  |TAMS 0x0000000741200000, 0x0000000741200000| Untracked 
|   9|0x0000000741200000, 0x0000000741400000, 0x0000000741400000|100%| O|  |TAMS 0x0000000741400000, 0x0000000741400000| Untracked 
|  10|0x0000000741400000, 0x0000000741600000, 0x0000000741600000|100%| O|  |TAMS 0x0000000741600000, 0x0000000741600000| Untracked 
|  11|0x0000000741600000, 0x0000000741800000, 0x0000000741800000|100%| O|  |TAMS 0x0000000741800000, 0x0000000741800000| Untracked 
|  12|0x0000000741800000, 0x0000000741a00000, 0x0000000741a00000|100%| O|  |TAMS 0x0000000741a00000, 0x0000000741a00000| Untracked 
|  13|0x0000000741a00000, 0x0000000741c00000, 0x0000000741c00000|100%| O|  |TAMS 0x0000000741b4d000, 0x0000000741c00000| Untracked 
|  14|0x0000000741c00000, 0x0000000741e00000, 0x0000000741e00000|100%| O|  |TAMS 0x0000000741c00000, 0x0000000741e00000| Untracked 
|  15|0x0000000741e00000, 0x0000000742000000, 0x0000000742000000|100%| O|  |TAMS 0x0000000741e00000, 0x0000000742000000| Untracked 
|  16|0x0000000742000000, 0x0000000742200000, 0x0000000742200000|100%| O|  |TAMS 0x0000000742000000, 0x0000000742200000| Untracked 
|  17|0x0000000742200000, 0x0000000742400000, 0x0000000742400000|100%| O|  |TAMS 0x0000000742200000, 0x0000000742400000| Untracked 
|  18|0x0000000742400000, 0x0000000742600000, 0x0000000742600000|100%| O|  |TAMS 0x0000000742400000, 0x0000000742600000| Untracked 
|  19|0x0000000742600000, 0x0000000742800000, 0x0000000742800000|100%| O|  |TAMS 0x0000000742600000, 0x0000000742800000| Untracked 
|  20|0x0000000742800000, 0x0000000742a00000, 0x0000000742a00000|100%| O|  |TAMS 0x0000000742800000, 0x0000000742a00000| Untracked 
|  21|0x0000000742a00000, 0x0000000742c00000, 0x0000000742c00000|100%| O|  |TAMS 0x0000000742a00000, 0x0000000742c00000| Untracked 
|  22|0x0000000742c00000, 0x0000000742e00000, 0x0000000742e00000|100%| O|  |TAMS 0x0000000742c00000, 0x0000000742e00000| Untracked 
|  23|0x0000000742e00000, 0x0000000743000000, 0x0000000743000000|100%| O|  |TAMS 0x0000000742e00000, 0x0000000743000000| Untracked 
|  24|0x0000000743000000, 0x0000000743200000, 0x0000000743200000|100%| O|  |TAMS 0x0000000743000000, 0x00000007431a7800| Untracked 
|  25|0x0000000743200000, 0x0000000743400000, 0x0000000743400000|100%| O|  |TAMS 0x0000000743200000, 0x0000000743200000| Untracked 
|  26|0x0000000743400000, 0x0000000743400000, 0x0000000743600000|  0%| F|  |TAMS 0x0000000743400000, 0x0000000743400000| Untracked 
|  27|0x0000000743600000, 0x0000000743600000, 0x0000000743800000|  0%| F|  |TAMS 0x0000000743600000, 0x0000000743600000| Untracked 
|  28|0x0000000743800000, 0x0000000743800000, 0x0000000743a00000|  0%| F|  |TAMS 0x0000000743800000, 0x0000000743800000| Untracked 
|  29|0x0000000743a00000, 0x0000000743a00000, 0x0000000743c00000|  0%| F|  |TAMS 0x0000000743a00000, 0x0000000743a00000| Untracked 
|  30|0x0000000743c00000, 0x0000000743d59200, 0x0000000743e00000| 67%| O|  |TAMS 0x0000000743c00000, 0x0000000743c00000| Untracked 
|  31|0x0000000743e00000, 0x0000000743e00000, 0x0000000744000000|  0%| F|  |TAMS 0x0000000743e00000, 0x0000000743e00000| Untracked 
|  32|0x0000000744000000, 0x0000000744000000, 0x0000000744200000|  0%| F|  |TAMS 0x0000000744000000, 0x0000000744000000| Untracked 
|  33|0x0000000744200000, 0x0000000744200000, 0x0000000744400000|  0%| F|  |TAMS 0x0000000744200000, 0x0000000744200000| Untracked 
|  34|0x0000000744400000, 0x0000000744400000, 0x0000000744600000|  0%| F|  |TAMS 0x0000000744400000, 0x0000000744400000| Untracked 
|  35|0x0000000744600000, 0x0000000744600000, 0x0000000744800000|  0%| F|  |TAMS 0x0000000744600000, 0x0000000744600000| Untracked 
|  36|0x0000000744800000, 0x0000000744800000, 0x0000000744a00000|  0%| F|  |TAMS 0x0000000744800000, 0x0000000744800000| Untracked 
|  37|0x0000000744a00000, 0x0000000744a00000, 0x0000000744c00000|  0%| F|  |TAMS 0x0000000744a00000, 0x0000000744a00000| Untracked 
|  38|0x0000000744c00000, 0x0000000744c00000, 0x0000000744e00000|  0%| F|  |TAMS 0x0000000744c00000, 0x0000000744c00000| Untracked 
|  39|0x0000000744e00000, 0x0000000744e00000, 0x0000000745000000|  0%| F|  |TAMS 0x0000000744e00000, 0x0000000744e00000| Untracked 
|  40|0x0000000745000000, 0x0000000745000000, 0x0000000745200000|  0%| F|  |TAMS 0x0000000745000000, 0x0000000745000000| Untracked 
|  41|0x0000000745200000, 0x0000000745200000, 0x0000000745400000|  0%| F|  |TAMS 0x0000000745200000, 0x0000000745200000| Untracked 
|  42|0x0000000745400000, 0x0000000745400000, 0x0000000745600000|  0%| F|  |TAMS 0x0000000745400000, 0x0000000745400000| Untracked 
|  43|0x0000000745600000, 0x0000000745600000, 0x0000000745800000|  0%| F|  |TAMS 0x0000000745600000, 0x0000000745600000| Untracked 
|  44|0x0000000745800000, 0x0000000745800000, 0x0000000745a00000|  0%| F|  |TAMS 0x0000000745800000, 0x0000000745800000| Untracked 
|  45|0x0000000745a00000, 0x0000000745a00000, 0x0000000745c00000|  0%| F|  |TAMS 0x0000000745a00000, 0x0000000745a00000| Untracked 
|  46|0x0000000745c00000, 0x0000000745c00000, 0x0000000745e00000|  0%| F|  |TAMS 0x0000000745c00000, 0x0000000745c00000| Untracked 
|  47|0x0000000745e00000, 0x0000000745e00000, 0x0000000746000000|  0%| F|  |TAMS 0x0000000745e00000, 0x0000000745e00000| Untracked 
|  48|0x0000000746000000, 0x0000000746000000, 0x0000000746200000|  0%| F|  |TAMS 0x0000000746000000, 0x0000000746000000| Untracked 
|  49|0x0000000746200000, 0x0000000746200000, 0x0000000746400000|  0%| F|  |TAMS 0x0000000746200000, 0x0000000746200000| Untracked 
|  50|0x0000000746400000, 0x0000000746400000, 0x0000000746600000|  0%| F|  |TAMS 0x0000000746400000, 0x0000000746400000| Untracked 
|  51|0x0000000746600000, 0x0000000746600000, 0x0000000746800000|  0%| F|  |TAMS 0x0000000746600000, 0x0000000746600000| Untracked 
|  52|0x0000000746800000, 0x0000000746800000, 0x0000000746a00000|  0%| F|  |TAMS 0x0000000746800000, 0x0000000746800000| Untracked 
|  53|0x0000000746a00000, 0x0000000746a00000, 0x0000000746c00000|  0%| F|  |TAMS 0x0000000746a00000, 0x0000000746a00000| Untracked 
|  54|0x0000000746c00000, 0x0000000746c00000, 0x0000000746e00000|  0%| F|  |TAMS 0x0000000746c00000, 0x0000000746c00000| Untracked 
|  55|0x0000000746e00000, 0x0000000746e00000, 0x0000000747000000|  0%| F|  |TAMS 0x0000000746e00000, 0x0000000746e00000| Untracked 
|  56|0x0000000747000000, 0x0000000747000000, 0x0000000747200000|  0%| F|  |TAMS 0x0000000747000000, 0x0000000747000000| Untracked 
|  57|0x0000000747200000, 0x0000000747200000, 0x0000000747400000|  0%| F|  |TAMS 0x0000000747200000, 0x0000000747200000| Untracked 
|  58|0x0000000747400000, 0x0000000747400000, 0x0000000747600000|  0%| F|  |TAMS 0x0000000747400000, 0x0000000747400000| Untracked 
|  59|0x0000000747600000, 0x0000000747600000, 0x0000000747800000|  0%| F|  |TAMS 0x0000000747600000, 0x0000000747600000| Untracked 
|  60|0x0000000747800000, 0x0000000747800000, 0x0000000747a00000|  0%| F|  |TAMS 0x0000000747800000, 0x0000000747800000| Untracked 
|  61|0x0000000747a00000, 0x0000000747a00000, 0x0000000747c00000|  0%| F|  |TAMS 0x0000000747a00000, 0x0000000747a00000| Untracked 
|  62|0x0000000747c00000, 0x0000000747c00000, 0x0000000747e00000|  0%| F|  |TAMS 0x0000000747c00000, 0x0000000747c00000| Untracked 
|  63|0x0000000747e00000, 0x0000000747e00000, 0x0000000748000000|  0%| F|  |TAMS 0x0000000747e00000, 0x0000000747e00000| Untracked 
|  64|0x0000000748000000, 0x0000000748000000, 0x0000000748200000|  0%| F|  |TAMS 0x0000000748000000, 0x0000000748000000| Untracked 
|  65|0x0000000748200000, 0x0000000748200000, 0x0000000748400000|  0%| F|  |TAMS 0x0000000748200000, 0x0000000748200000| Untracked 
|  66|0x0000000748400000, 0x0000000748400000, 0x0000000748600000|  0%| F|  |TAMS 0x0000000748400000, 0x0000000748400000| Untracked 
|  67|0x0000000748600000, 0x0000000748600000, 0x0000000748800000|  0%| F|  |TAMS 0x0000000748600000, 0x0000000748600000| Untracked 
|  68|0x0000000748800000, 0x0000000748800000, 0x0000000748a00000|  0%| F|  |TAMS 0x0000000748800000, 0x0000000748800000| Untracked 
|  69|0x0000000748a00000, 0x0000000748b24e50, 0x0000000748c00000| 57%| S|CS|TAMS 0x0000000748a00000, 0x0000000748a00000| Complete 
|  70|0x0000000748c00000, 0x0000000748e00000, 0x0000000748e00000|100%| S|CS|TAMS 0x0000000748c00000, 0x0000000748c00000| Complete 
|  71|0x0000000748e00000, 0x0000000748e00000, 0x0000000749000000|  0%| F|  |TAMS 0x0000000748e00000, 0x0000000748e00000| Untracked 
|  72|0x0000000749000000, 0x0000000749000000, 0x0000000749200000|  0%| F|  |TAMS 0x0000000749000000, 0x0000000749000000| Untracked 
|  73|0x0000000749200000, 0x0000000749200000, 0x0000000749400000|  0%| F|  |TAMS 0x0000000749200000, 0x0000000749200000| Untracked 
|  74|0x0000000749400000, 0x0000000749400000, 0x0000000749600000|  0%| F|  |TAMS 0x0000000749400000, 0x0000000749400000| Untracked 
|  75|0x0000000749600000, 0x0000000749600000, 0x0000000749800000|  0%| F|  |TAMS 0x0000000749600000, 0x0000000749600000| Untracked 
|  76|0x0000000749800000, 0x0000000749800000, 0x0000000749a00000|  0%| F|  |TAMS 0x0000000749800000, 0x0000000749800000| Untracked 
|  77|0x0000000749a00000, 0x0000000749a00000, 0x0000000749c00000|  0%| F|  |TAMS 0x0000000749a00000, 0x0000000749a00000| Untracked 
|  78|0x0000000749c00000, 0x0000000749c00000, 0x0000000749e00000|  0%| F|  |TAMS 0x0000000749c00000, 0x0000000749c00000| Untracked 
|  79|0x0000000749e00000, 0x0000000749e00000, 0x000000074a000000|  0%| F|  |TAMS 0x0000000749e00000, 0x0000000749e00000| Untracked 
|  80|0x000000074a000000, 0x000000074a000000, 0x000000074a200000|  0%| F|  |TAMS 0x000000074a000000, 0x000000074a000000| Untracked 
|  81|0x000000074a200000, 0x000000074a200000, 0x000000074a400000|  0%| F|  |TAMS 0x000000074a200000, 0x000000074a200000| Untracked 
|  82|0x000000074a400000, 0x000000074a400000, 0x000000074a600000|  0%| F|  |TAMS 0x000000074a400000, 0x000000074a400000| Untracked 
|  83|0x000000074a600000, 0x000000074a600000, 0x000000074a800000|  0%| F|  |TAMS 0x000000074a600000, 0x000000074a600000| Untracked 
|  84|0x000000074a800000, 0x000000074a800000, 0x000000074aa00000|  0%| F|  |TAMS 0x000000074a800000, 0x000000074a800000| Untracked 
|  85|0x000000074aa00000, 0x000000074aa00000, 0x000000074ac00000|  0%| F|  |TAMS 0x000000074aa00000, 0x000000074aa00000| Untracked 
|  86|0x000000074ac00000, 0x000000074ac00000, 0x000000074ae00000|  0%| F|  |TAMS 0x000000074ac00000, 0x000000074ac00000| Untracked 
|  87|0x000000074ae00000, 0x000000074ae00000, 0x000000074b000000|  0%| F|  |TAMS 0x000000074ae00000, 0x000000074ae00000| Untracked 
|  88|0x000000074b000000, 0x000000074b000000, 0x000000074b200000|  0%| F|  |TAMS 0x000000074b000000, 0x000000074b000000| Untracked 
|  89|0x000000074b200000, 0x000000074b200000, 0x000000074b400000|  0%| F|  |TAMS 0x000000074b200000, 0x000000074b200000| Untracked 
|  90|0x000000074b400000, 0x000000074b400000, 0x000000074b600000|  0%| F|  |TAMS 0x000000074b400000, 0x000000074b400000| Untracked 
|  91|0x000000074b600000, 0x000000074b600000, 0x000000074b800000|  0%| F|  |TAMS 0x000000074b600000, 0x000000074b600000| Untracked 
|  92|0x000000074b800000, 0x000000074b800000, 0x000000074ba00000|  0%| F|  |TAMS 0x000000074b800000, 0x000000074b800000| Untracked 
|  93|0x000000074ba00000, 0x000000074ba00000, 0x000000074bc00000|  0%| F|  |TAMS 0x000000074ba00000, 0x000000074ba00000| Untracked 
|  94|0x000000074bc00000, 0x000000074bc00000, 0x000000074be00000|  0%| F|  |TAMS 0x000000074bc00000, 0x000000074bc00000| Untracked 
|  95|0x000000074be00000, 0x000000074be00000, 0x000000074c000000|  0%| F|  |TAMS 0x000000074be00000, 0x000000074be00000| Untracked 
|  96|0x000000074c000000, 0x000000074c000000, 0x000000074c200000|  0%| F|  |TAMS 0x000000074c000000, 0x000000074c000000| Untracked 
|  97|0x000000074c200000, 0x000000074c200000, 0x000000074c400000|  0%| F|  |TAMS 0x000000074c200000, 0x000000074c200000| Untracked 
|  98|0x000000074c400000, 0x000000074c400000, 0x000000074c600000|  0%| F|  |TAMS 0x000000074c400000, 0x000000074c400000| Untracked 
|  99|0x000000074c600000, 0x000000074c600000, 0x000000074c800000|  0%| F|  |TAMS 0x000000074c600000, 0x000000074c600000| Untracked 
| 100|0x000000074c800000, 0x000000074c800000, 0x000000074ca00000|  0%| F|  |TAMS 0x000000074c800000, 0x000000074c800000| Untracked 
| 101|0x000000074ca00000, 0x000000074ca00000, 0x000000074cc00000|  0%| F|  |TAMS 0x000000074ca00000, 0x000000074ca00000| Untracked 
| 102|0x000000074cc00000, 0x000000074cc00000, 0x000000074ce00000|  0%| F|  |TAMS 0x000000074cc00000, 0x000000074cc00000| Untracked 
| 103|0x000000074ce00000, 0x000000074ce00000, 0x000000074d000000|  0%| F|  |TAMS 0x000000074ce00000, 0x000000074ce00000| Untracked 
| 104|0x000000074d000000, 0x000000074d000000, 0x000000074d200000|  0%| F|  |TAMS 0x000000074d000000, 0x000000074d000000| Untracked 
| 105|0x000000074d200000, 0x000000074d200000, 0x000000074d400000|  0%| F|  |TAMS 0x000000074d200000, 0x000000074d200000| Untracked 
| 106|0x000000074d400000, 0x000000074d400000, 0x000000074d600000|  0%| F|  |TAMS 0x000000074d400000, 0x000000074d400000| Untracked 
| 107|0x000000074d600000, 0x000000074d600000, 0x000000074d800000|  0%| F|  |TAMS 0x000000074d600000, 0x000000074d600000| Untracked 
| 108|0x000000074d800000, 0x000000074d800000, 0x000000074da00000|  0%| F|  |TAMS 0x000000074d800000, 0x000000074d800000| Untracked 
| 109|0x000000074da00000, 0x000000074da00000, 0x000000074dc00000|  0%| F|  |TAMS 0x000000074da00000, 0x000000074da00000| Untracked 
| 110|0x000000074dc00000, 0x000000074dc00000, 0x000000074de00000|  0%| F|  |TAMS 0x000000074dc00000, 0x000000074dc00000| Untracked 
| 111|0x000000074de00000, 0x000000074de00000, 0x000000074e000000|  0%| F|  |TAMS 0x000000074de00000, 0x000000074de00000| Untracked 
| 112|0x000000074e000000, 0x000000074e000000, 0x000000074e200000|  0%| F|  |TAMS 0x000000074e000000, 0x000000074e000000| Untracked 
| 113|0x000000074e200000, 0x000000074e200000, 0x000000074e400000|  0%| F|  |TAMS 0x000000074e200000, 0x000000074e200000| Untracked 
| 114|0x000000074e400000, 0x000000074e400000, 0x000000074e600000|  0%| F|  |TAMS 0x000000074e400000, 0x000000074e400000| Untracked 
| 115|0x000000074e600000, 0x000000074e600000, 0x000000074e800000|  0%| F|  |TAMS 0x000000074e600000, 0x000000074e600000| Untracked 
| 116|0x000000074e800000, 0x000000074e800000, 0x000000074ea00000|  0%| F|  |TAMS 0x000000074e800000, 0x000000074e800000| Untracked 
| 117|0x000000074ea00000, 0x000000074ea00000, 0x000000074ec00000|  0%| F|  |TAMS 0x000000074ea00000, 0x000000074ea00000| Untracked 
| 118|0x000000074ec00000, 0x000000074ec00000, 0x000000074ee00000|  0%| F|  |TAMS 0x000000074ec00000, 0x000000074ec00000| Untracked 
| 119|0x000000074ee00000, 0x000000074ee00000, 0x000000074f000000|  0%| F|  |TAMS 0x000000074ee00000, 0x000000074ee00000| Untracked 
| 120|0x000000074f000000, 0x000000074f000000, 0x000000074f200000|  0%| F|  |TAMS 0x000000074f000000, 0x000000074f000000| Untracked 
| 121|0x000000074f200000, 0x000000074f200000, 0x000000074f400000|  0%| F|  |TAMS 0x000000074f200000, 0x000000074f200000| Untracked 
| 122|0x000000074f400000, 0x000000074f400000, 0x000000074f600000|  0%| F|  |TAMS 0x000000074f400000, 0x000000074f400000| Untracked 
| 123|0x000000074f600000, 0x000000074f600000, 0x000000074f800000|  0%| F|  |TAMS 0x000000074f600000, 0x000000074f600000| Untracked 
| 124|0x000000074f800000, 0x000000074f800000, 0x000000074fa00000|  0%| F|  |TAMS 0x000000074f800000, 0x000000074f800000| Untracked 
| 125|0x000000074fa00000, 0x000000074fa00000, 0x000000074fc00000|  0%| F|  |TAMS 0x000000074fa00000, 0x000000074fa00000| Untracked 
| 126|0x000000074fc00000, 0x000000074fe00000, 0x000000074fe00000|100%| E|  |TAMS 0x000000074fc00000, 0x000000074fc00000| Complete 
| 127|0x000000074fe00000, 0x0000000750000000, 0x0000000750000000|100%| E|CS|TAMS 0x000000074fe00000, 0x000000074fe00000| Complete 
| 128|0x0000000750000000, 0x0000000750200000, 0x0000000750200000|100%| E|CS|TAMS 0x0000000750000000, 0x0000000750000000| Complete 
| 129|0x0000000750200000, 0x0000000750400000, 0x0000000750400000|100%| E|CS|TAMS 0x0000000750200000, 0x0000000750200000| Complete 
| 130|0x0000000750400000, 0x0000000750600000, 0x0000000750600000|100%| E|CS|TAMS 0x0000000750400000, 0x0000000750400000| Complete 
| 131|0x0000000750600000, 0x0000000750800000, 0x0000000750800000|100%| E|CS|TAMS 0x0000000750600000, 0x0000000750600000| Complete 
| 132|0x0000000750800000, 0x0000000750a00000, 0x0000000750a00000|100%| E|CS|TAMS 0x0000000750800000, 0x0000000750800000| Complete 
| 133|0x0000000750a00000, 0x0000000750c00000, 0x0000000750c00000|100%| E|CS|TAMS 0x0000000750a00000, 0x0000000750a00000| Complete 
| 134|0x0000000750c00000, 0x0000000750e00000, 0x0000000750e00000|100%| E|CS|TAMS 0x0000000750c00000, 0x0000000750c00000| Complete 
| 135|0x0000000750e00000, 0x0000000751000000, 0x0000000751000000|100%| E|CS|TAMS 0x0000000750e00000, 0x0000000750e00000| Complete 
| 136|0x0000000751000000, 0x0000000751200000, 0x0000000751200000|100%| E|CS|TAMS 0x0000000751000000, 0x0000000751000000| Complete 
| 137|0x0000000751200000, 0x0000000751400000, 0x0000000751400000|100%| E|CS|TAMS 0x0000000751200000, 0x0000000751200000| Complete 
| 138|0x0000000751400000, 0x0000000751600000, 0x0000000751600000|100%| E|CS|TAMS 0x0000000751400000, 0x0000000751400000| Complete 
| 139|0x0000000751600000, 0x0000000751800000, 0x0000000751800000|100%| E|CS|TAMS 0x0000000751600000, 0x0000000751600000| Complete 
| 140|0x0000000751800000, 0x0000000751a00000, 0x0000000751a00000|100%| E|CS|TAMS 0x0000000751800000, 0x0000000751800000| Complete 
| 141|0x0000000751a00000, 0x0000000751c00000, 0x0000000751c00000|100%| E|CS|TAMS 0x0000000751a00000, 0x0000000751a00000| Complete 
| 142|0x0000000751c00000, 0x0000000751e00000, 0x0000000751e00000|100%| E|CS|TAMS 0x0000000751c00000, 0x0000000751c00000| Complete 
| 143|0x0000000751e00000, 0x0000000752000000, 0x0000000752000000|100%| E|CS|TAMS 0x0000000751e00000, 0x0000000751e00000| Complete 
| 144|0x0000000752000000, 0x0000000752200000, 0x0000000752200000|100%| E|CS|TAMS 0x0000000752000000, 0x0000000752000000| Complete 
| 145|0x0000000752200000, 0x0000000752400000, 0x0000000752400000|100%| E|CS|TAMS 0x0000000752200000, 0x0000000752200000| Complete 
| 146|0x0000000752400000, 0x0000000752600000, 0x0000000752600000|100%| E|CS|TAMS 0x0000000752400000, 0x0000000752400000| Complete 
| 147|0x0000000752600000, 0x0000000752800000, 0x0000000752800000|100%| E|CS|TAMS 0x0000000752600000, 0x0000000752600000| Complete 
| 148|0x0000000752800000, 0x0000000752a00000, 0x0000000752a00000|100%| E|CS|TAMS 0x0000000752800000, 0x0000000752800000| Complete 
| 149|0x0000000752a00000, 0x0000000752c00000, 0x0000000752c00000|100%| E|CS|TAMS 0x0000000752a00000, 0x0000000752a00000| Complete 
| 150|0x0000000752c00000, 0x0000000752e00000, 0x0000000752e00000|100%| E|CS|TAMS 0x0000000752c00000, 0x0000000752c00000| Complete 
| 151|0x0000000752e00000, 0x0000000753000000, 0x0000000753000000|100%| E|CS|TAMS 0x0000000752e00000, 0x0000000752e00000| Complete 
| 152|0x0000000753000000, 0x0000000753200000, 0x0000000753200000|100%| E|CS|TAMS 0x0000000753000000, 0x0000000753000000| Complete 
| 153|0x0000000753200000, 0x0000000753400000, 0x0000000753400000|100%| E|CS|TAMS 0x0000000753200000, 0x0000000753200000| Complete 
| 154|0x0000000753400000, 0x0000000753600000, 0x0000000753600000|100%| E|CS|TAMS 0x0000000753400000, 0x0000000753400000| Complete 
| 155|0x0000000753600000, 0x0000000753800000, 0x0000000753800000|100%| E|CS|TAMS 0x0000000753600000, 0x0000000753600000| Complete 
| 156|0x0000000753800000, 0x0000000753a00000, 0x0000000753a00000|100%| E|CS|TAMS 0x0000000753800000, 0x0000000753800000| Complete 
| 157|0x0000000753a00000, 0x0000000753c00000, 0x0000000753c00000|100%| E|CS|TAMS 0x0000000753a00000, 0x0000000753a00000| Complete 
| 158|0x0000000753c00000, 0x0000000753e00000, 0x0000000753e00000|100%| E|CS|TAMS 0x0000000753c00000, 0x0000000753c00000| Complete 
| 159|0x0000000753e00000, 0x0000000754000000, 0x0000000754000000|100%| E|CS|TAMS 0x0000000753e00000, 0x0000000753e00000| Complete 
| 160|0x0000000754000000, 0x0000000754200000, 0x0000000754200000|100%| E|CS|TAMS 0x0000000754000000, 0x0000000754000000| Complete 
| 161|0x0000000754200000, 0x0000000754400000, 0x0000000754400000|100%| E|CS|TAMS 0x0000000754200000, 0x0000000754200000| Complete 

Card table byte_map: [0x000001e900600000,0x000001e900c00000] _byte_map_base: 0x000001e8fcc00000

Marking Bits (Prev, Next): (CMBitMap*) 0x000001e968b79cb0, (CMBitMap*) 0x000001e968b79cf0
 Prev Bits: [0x000001e901200000, 0x000001e904200000)
 Next Bits: [0x000001e904200000, 0x000001e907200000)

Polling page: 0x000001e9668e0000

Metaspace:

Usage:
  Non-class:     40.84 MB used.
      Class:      6.49 MB used.
       Both:     47.33 MB used.

Virtual space:
  Non-class space:       64.00 MB reserved,      41.12 MB ( 64%) committed,  1 nodes.
      Class space:      416.00 MB reserved,       6.75 MB (  2%) committed,  1 nodes.
             Both:      480.00 MB reserved,      47.88 MB ( 10%) committed. 

Chunk freelists:
   Non-Class:  6.89 MB
       Class:  9.20 MB
        Both:  16.09 MB

MaxMetaspaceSize: 512.00 MB
CompressedClassSpaceSize: 416.00 MB
Initial GC threshold: 21.00 MB
Current GC threshold: 58.75 MB
CDS: on
MetaspaceReclaimPolicy: balanced
 - commit_granule_bytes: 65536.
 - commit_granule_words: 8192.
 - virtual_space_node_default_size: 8388608.
 - enlarge_chunks_in_place: 1.
 - new_chunks_are_fully_committed: 0.
 - uncommit_free_chunks: 1.
 - use_allocation_guard: 0.
 - handle_deallocations: 1.


Internal statistics:

num_allocs_failed_limit: 6.
num_arena_births: 828.
num_arena_deaths: 0.
num_vsnodes_births: 2.
num_vsnodes_deaths: 0.
num_space_committed: 766.
num_space_uncommitted: 0.
num_chunks_returned_to_freelist: 6.
num_chunks_taken_from_freelist: 2772.
num_chunk_merges: 6.
num_chunk_splits: 1792.
num_chunks_enlarged: 1152.
num_inconsistent_stats: 0.

CodeHeap 'non-profiled nmethods': size=120000Kb used=5762Kb max_used=5762Kb free=114237Kb
 bounds [0x000001e978160000, 0x000001e978710000, 0x000001e97f690000]
CodeHeap 'profiled nmethods': size=120000Kb used=11851Kb max_used=13159Kb free=108148Kb
 bounds [0x000001e970690000, 0x000001e971370000, 0x000001e977bc0000]
CodeHeap 'non-nmethods': size=5760Kb used=2324Kb max_used=2439Kb free=3436Kb
 bounds [0x000001e977bc0000, 0x000001e977e40000, 0x000001e978160000]
 total_blobs=7354 nmethods=6519 adapters=746
 compilation: enabled
              stopped_count=0, restarted_count=0
 full_count=0

Compilation events (20 events):
Event: 32.524 Thread 0x000001e909b94010 8041       3       net.rubygrapefruit.platform.file.FileInfo$Type::values (10 bytes)
Event: 32.524 Thread 0x000001e909b94010 nmethod 8041 0x000001e970bf8710 code [0x000001e970bf88c0, 0x000001e970bf8b68]
Event: 32.526 Thread 0x000001e909b94010 8042   !   3       org.gradle.internal.nativeintegration.filesystem.services.NativePlatformBackedFileMetadataAccessor::stat (269 bytes)
Event: 32.529 Thread 0x000001e909b94010 nmethod 8042 0x000001e971243f90 code [0x000001e971244520, 0x000001e971246bb8]
Event: 32.529 Thread 0x000001e909b94010 8043       3       net.rubygrapefruit.platform.internal.DefaultWindowsFiles::stat (7 bytes)
Event: 32.529 Thread 0x000001e909b94010 nmethod 8043 0x000001e970ac0c90 code [0x000001e970ac0e40, 0x000001e970ac0f88]
Event: 32.530 Thread 0x000001e909b94010 8044       3       net.rubygrapefruit.platform.internal.WindowsFileStat::details (24 bytes)
Event: 32.530 Thread 0x000001e909b94010 nmethod 8044 0x000001e970c34f90 code [0x000001e970c35160, 0x000001e970c35648]
Event: 32.530 Thread 0x000001e909b94010 8047       3       org.apache.commons.compress.archivers.zip.StreamCompressor::writeDeflated (119 bytes)
Event: 32.532 Thread 0x000001e909b94010 nmethod 8047 0x000001e97082d390 code [0x000001e97082d620, 0x000001e97082e168]
Event: 32.536 Thread 0x000001e909b8b640 nmethod 8028 0x000001e9786eae90 code [0x000001e9786eb240, 0x000001e9786ee230]
Event: 32.537 Thread 0x000001e909b8b640 8036       4       com.google.common.collect.AbstractIterator::next (37 bytes)
Event: 32.540 Thread 0x000001e909b8b640 nmethod 8036 0x000001e9786f0c10 code [0x000001e9786f0da0, 0x000001e9786f0fa8]
Event: 32.540 Thread 0x000001e909b8b640 8033       4       sun.nio.ch.IOUtil::write (14 bytes)
Event: 32.577 Thread 0x000001e92e2d6a60 nmethod 8032 0x000001e9786f1090 code [0x000001e9786f1420, 0x000001e9786f4510]
Event: 32.578 Thread 0x000001e92e2d6a60 8048       4       org.objectweb.asm.ClassVisitor::visitEnd (15 bytes)
Event: 32.579 Thread 0x000001e92e2d6a60 nmethod 8048 0x000001e9786f6e10 code [0x000001e9786f6fa0, 0x000001e9786f7058]
Event: 32.579 Thread 0x000001e92e2d6a60 8034       4       java.nio.MappedByteBuffer::flip (5 bytes)
Event: 32.579 Thread 0x000001e92e2d6a60 nmethod 8034 0x000001e9786f7110 code [0x000001e9786f7280, 0x000001e9786f7318]
Event: 32.579 Thread 0x000001e92e2d6a60 8037       4       java.nio.ByteBuffer::put (124 bytes)

GC Heap History (20 events):
Event: 10.151 GC heap before
{Heap before GC invocations=24 (full 0):
 garbage-first heap   total 190464K, used 162443K [0x0000000740000000, 0x0000000800000000)
  region size 2048K, 55 young (112640K), 3 survivors (6144K)
 Metaspace       used 47319K, committed 47808K, reserved 491520K
  class space    used 6475K, committed 6720K, reserved 425984K
}
Event: 10.155 GC heap after
{Heap after GC invocations=25 (full 0):
 garbage-first heap   total 229376K, used 56469K [0x0000000740000000, 0x0000000800000000)
  region size 2048K, 4 young (8192K), 4 survivors (8192K)
 Metaspace       used 47319K, committed 47808K, reserved 491520K
  class space    used 6475K, committed 6720K, reserved 425984K
}
Event: 10.402 GC heap before
{Heap before GC invocations=25 (full 0):
 garbage-first heap   total 229376K, used 185493K [0x0000000740000000, 0x0000000800000000)
  region size 2048K, 67 young (137216K), 4 survivors (8192K)
 Metaspace       used 47346K, committed 47872K, reserved 491520K
  class space    used 6481K, committed 6720K, reserved 425984K
}
Event: 10.406 GC heap after
{Heap after GC invocations=26 (full 0):
 garbage-first heap   total 229376K, used 57291K [0x0000000740000000, 0x0000000800000000)
  region size 2048K, 4 young (8192K), 4 survivors (8192K)
 Metaspace       used 47346K, committed 47872K, reserved 491520K
  class space    used 6481K, committed 6720K, reserved 425984K
}
Event: 10.618 GC heap before
{Heap before GC invocations=26 (full 0):
 garbage-first heap   total 229376K, used 186315K [0x0000000740000000, 0x0000000800000000)
  region size 2048K, 67 young (137216K), 4 survivors (8192K)
 Metaspace       used 47355K, committed 47936K, reserved 491520K
  class space    used 6482K, committed 6720K, reserved 425984K
}
Event: 10.622 GC heap after
{Heap after GC invocations=27 (full 0):
 garbage-first heap   total 229376K, used 58208K [0x0000000740000000, 0x0000000800000000)
  region size 2048K, 4 young (8192K), 4 survivors (8192K)
 Metaspace       used 47355K, committed 47936K, reserved 491520K
  class space    used 6482K, committed 6720K, reserved 425984K
}
Event: 10.860 GC heap before
{Heap before GC invocations=27 (full 0):
 garbage-first heap   total 229376K, used 187232K [0x0000000740000000, 0x0000000800000000)
  region size 2048K, 67 young (137216K), 4 survivors (8192K)
 Metaspace       used 47357K, committed 47936K, reserved 491520K
  class space    used 6482K, committed 6720K, reserved 425984K
}
Event: 10.866 GC heap after
{Heap after GC invocations=28 (full 0):
 garbage-first heap   total 229376K, used 59332K [0x0000000740000000, 0x0000000800000000)
  region size 2048K, 5 young (10240K), 5 survivors (10240K)
 Metaspace       used 47357K, committed 47936K, reserved 491520K
  class space    used 6482K, committed 6720K, reserved 425984K
}
Event: 11.083 GC heap before
{Heap before GC invocations=28 (full 0):
 garbage-first heap   total 229376K, used 186308K [0x0000000740000000, 0x0000000800000000)
  region size 2048K, 67 young (137216K), 5 survivors (10240K)
 Metaspace       used 47358K, committed 47936K, reserved 491520K
  class space    used 6482K, committed 6720K, reserved 425984K
}
Event: 11.088 GC heap after
{Heap after GC invocations=29 (full 0):
 garbage-first heap   total 276480K, used 59914K [0x0000000740000000, 0x0000000800000000)
  region size 2048K, 5 young (10240K), 5 survivors (10240K)
 Metaspace       used 47358K, committed 47936K, reserved 491520K
  class space    used 6482K, committed 6720K, reserved 425984K
}
Event: 11.364 GC heap before
{Heap before GC invocations=29 (full 0):
 garbage-first heap   total 276480K, used 215562K [0x0000000740000000, 0x0000000800000000)
  region size 2048K, 81 young (165888K), 5 survivors (10240K)
 Metaspace       used 47369K, committed 47936K, reserved 491520K
  class space    used 6482K, committed 6720K, reserved 425984K
}
Event: 11.369 GC heap after
{Heap after GC invocations=30 (full 0):
 garbage-first heap   total 276480K, used 61384K [0x0000000740000000, 0x0000000800000000)
  region size 2048K, 6 young (12288K), 6 survivors (12288K)
 Metaspace       used 47369K, committed 47936K, reserved 491520K
  class space    used 6482K, committed 6720K, reserved 425984K
}
Event: 11.615 GC heap before
{Heap before GC invocations=30 (full 0):
 garbage-first heap   total 276480K, used 214984K [0x0000000740000000, 0x0000000800000000)
  region size 2048K, 81 young (165888K), 6 survivors (12288K)
 Metaspace       used 47370K, committed 47936K, reserved 491520K
  class space    used 6482K, committed 6720K, reserved 425984K
}
Event: 11.621 GC heap after
{Heap after GC invocations=31 (full 0):
 garbage-first heap   total 276480K, used 62286K [0x0000000740000000, 0x0000000800000000)
  region size 2048K, 6 young (12288K), 6 survivors (12288K)
 Metaspace       used 47370K, committed 47936K, reserved 491520K
  class space    used 6482K, committed 6720K, reserved 425984K
}
Event: 11.823 GC heap before
{Heap before GC invocations=31 (full 0):
 garbage-first heap   total 276480K, used 215886K [0x0000000740000000, 0x0000000800000000)
  region size 2048K, 81 young (165888K), 6 survivors (12288K)
 Metaspace       used 47371K, committed 47936K, reserved 491520K
  class space    used 6482K, committed 6720K, reserved 425984K
}
Event: 11.828 GC heap after
{Heap after GC invocations=32 (full 0):
 garbage-first heap   total 276480K, used 62620K [0x0000000740000000, 0x0000000800000000)
  region size 2048K, 7 young (14336K), 7 survivors (14336K)
 Metaspace       used 47371K, committed 47936K, reserved 491520K
  class space    used 6482K, committed 6720K, reserved 425984K
}
Event: 12.048 GC heap before
{Heap before GC invocations=32 (full 0):
 garbage-first heap   total 276480K, used 214172K [0x0000000740000000, 0x0000000800000000)
  region size 2048K, 81 young (165888K), 7 survivors (14336K)
 Metaspace       used 47383K, committed 47936K, reserved 491520K
  class space    used 6482K, committed 6720K, reserved 425984K
}
Event: 12.054 GC heap after
{Heap after GC invocations=33 (full 0):
 garbage-first heap   total 331776K, used 63606K [0x0000000740000000, 0x0000000800000000)
  region size 2048K, 6 young (12288K), 6 survivors (12288K)
 Metaspace       used 47383K, committed 47936K, reserved 491520K
  class space    used 6482K, committed 6720K, reserved 425984K
}
Event: 32.494 GC heap before
{Heap before GC invocations=33 (full 0):
 garbage-first heap   total 331776K, used 256118K [0x0000000740000000, 0x0000000800000000)
  region size 2048K, 97 young (198656K), 6 survivors (12288K)
 Metaspace       used 48463K, committed 49024K, reserved 491520K
  class space    used 6649K, committed 6912K, reserved 425984K
}
Event: 32.496 GC heap after
{Heap after GC invocations=34 (full 0):
 garbage-first heap   total 331776K, used 57120K [0x0000000740000000, 0x0000000800000000)
  region size 2048K, 2 young (4096K), 2 survivors (4096K)
 Metaspace       used 48463K, committed 49024K, reserved 491520K
  class space    used 6649K, committed 6912K, reserved 425984K
}

Dll operation events (15 events):
Event: 0.008 Loaded shared library C:\Program Files\Microsoft\jdk-17.0.18.8-hotspot\bin\java.dll
Event: 0.021 Loaded shared library C:\Program Files\Microsoft\jdk-17.0.18.8-hotspot\bin\jsvml.dll
Event: 0.063 Loaded shared library C:\Program Files\Microsoft\jdk-17.0.18.8-hotspot\bin\zip.dll
Event: 0.066 Loaded shared library C:\Program Files\Microsoft\jdk-17.0.18.8-hotspot\bin\instrument.dll
Event: 0.069 Loaded shared library C:\Program Files\Microsoft\jdk-17.0.18.8-hotspot\bin\net.dll
Event: 0.071 Loaded shared library C:\Program Files\Microsoft\jdk-17.0.18.8-hotspot\bin\nio.dll
Event: 0.073 Loaded shared library C:\Program Files\Microsoft\jdk-17.0.18.8-hotspot\bin\zip.dll
Event: 0.299 Loaded shared library C:\Program Files\Microsoft\jdk-17.0.18.8-hotspot\bin\jimage.dll
Event: 0.439 Loaded shared library C:\Program Files\Microsoft\jdk-17.0.18.8-hotspot\bin\verify.dll
Event: 0.624 Loaded shared library C:\Users\shres\.gradle\native\c067742578af261105cb4f569cf0c3c89f3d7b1fecec35dd04571415982c5e48\windows-amd64\native-platform.dll
Event: 0.642 Loaded shared library C:\Users\shres\.gradle\native\100fb08df4bc3b14c8652ba06237920a3bd2aa13389f12d3474272988ae205f9\windows-amd64\native-platform-file-events.dll
Event: 1.739 Loaded shared library C:\Program Files\Microsoft\jdk-17.0.18.8-hotspot\bin\management.dll
Event: 1.742 Loaded shared library C:\Program Files\Microsoft\jdk-17.0.18.8-hotspot\bin\management_ext.dll
Event: 1.959 Loaded shared library C:\Program Files\Microsoft\jdk-17.0.18.8-hotspot\bin\extnet.dll
Event: 2.242 Loaded shared library C:\Program Files\Microsoft\jdk-17.0.18.8-hotspot\bin\sunmscapi.dll

Deoptimization events (20 events):
Event: 32.521 Thread 0x000001e9294d7590 Uncommon trap: trap_request=0xffffff45 fr.pc=0x000001e9783d148c relative=0x000000000000278c
Event: 32.521 Thread 0x000001e9294d7590 Uncommon trap: reason=unstable_if action=reinterpret pc=0x000001e9783d148c method=org.apache.commons.compress.archivers.zip.StreamCompressor.writeDeflated([BII)V @ 95 c2
Event: 32.522 Thread 0x000001e9294d7590 DEOPT PACKING pc=0x000001e9783d148c sp=0x0000003088ff57e0
Event: 32.522 Thread 0x000001e9294d7590 DEOPT UNPACKING pc=0x000001e977c169a3 sp=0x0000003088ff57c8 mode 2
Event: 32.579 Thread 0x000001e9294d7590 Uncommon trap: trap_request=0xffffffbe fr.pc=0x000001e9786f2cfc relative=0x00000000000018dc
Event: 32.579 Thread 0x000001e9294d7590 Uncommon trap: reason=profile_predicate action=maybe_recompile pc=0x000001e9786f2cfc method=java.nio.channels.Channels.writeFullyImpl(Ljava/nio/channels/WritableByteChannel;Ljava/nio/ByteBuffer;)V @ 4 c2
Event: 32.579 Thread 0x000001e9294d7590 DEOPT PACKING pc=0x000001e9786f2cfc sp=0x0000003088ff56a0
Event: 32.579 Thread 0x000001e9294d7590 DEOPT UNPACKING pc=0x000001e977c169a3 sp=0x0000003088ff5678 mode 2
Event: 32.579 Thread 0x000001e9294d7590 Uncommon trap: trap_request=0xffffffbe fr.pc=0x000001e9786f2cfc relative=0x00000000000018dc
Event: 32.579 Thread 0x000001e9294d7590 Uncommon trap: reason=profile_predicate action=maybe_recompile pc=0x000001e9786f2cfc method=java.nio.channels.Channels.writeFullyImpl(Ljava/nio/channels/WritableByteChannel;Ljava/nio/ByteBuffer;)V @ 4 c2
Event: 32.579 Thread 0x000001e9294d7590 DEOPT PACKING pc=0x000001e9786f2cfc sp=0x0000003088ff56a0
Event: 32.579 Thread 0x000001e9294d7590 DEOPT UNPACKING pc=0x000001e977c169a3 sp=0x0000003088ff5678 mode 2
Event: 32.580 Thread 0x000001e9294d7590 Uncommon trap: trap_request=0xffffffbe fr.pc=0x000001e9786f2cfc relative=0x00000000000018dc
Event: 32.580 Thread 0x000001e9294d7590 Uncommon trap: reason=profile_predicate action=maybe_recompile pc=0x000001e9786f2cfc method=java.nio.channels.Channels.writeFullyImpl(Ljava/nio/channels/WritableByteChannel;Ljava/nio/ByteBuffer;)V @ 4 c2
Event: 32.580 Thread 0x000001e9294d7590 DEOPT PACKING pc=0x000001e9786f2cfc sp=0x0000003088ff56a0
Event: 32.580 Thread 0x000001e9294d7590 DEOPT UNPACKING pc=0x000001e977c169a3 sp=0x0000003088ff5678 mode 2
Event: 32.580 Thread 0x000001e9294d7590 Uncommon trap: trap_request=0xffffffbe fr.pc=0x000001e9786f2cfc relative=0x00000000000018dc
Event: 32.580 Thread 0x000001e9294d7590 Uncommon trap: reason=profile_predicate action=maybe_recompile pc=0x000001e9786f2cfc method=java.nio.channels.Channels.writeFullyImpl(Ljava/nio/channels/WritableByteChannel;Ljava/nio/ByteBuffer;)V @ 4 c2
Event: 32.580 Thread 0x000001e9294d7590 DEOPT PACKING pc=0x000001e9786f2cfc sp=0x0000003088ff56a0
Event: 32.580 Thread 0x000001e9294d7590 DEOPT UNPACKING pc=0x000001e977c169a3 sp=0x0000003088ff5678 mode 2

Classes loaded (20 events):
Event: 13.098 Loading class java/time/Instant$1
Event: 13.098 Loading class java/time/Instant$1 done
Event: 13.141 Loading class java/util/Locale$1
Event: 13.141 Loading class java/util/Locale$1 done
Event: 13.149 Loading class java/net/UrlDeserializedState
Event: 13.149 Loading class java/net/UrlDeserializedState done
Event: 13.149 Loading class java/net/Proxy
Event: 13.149 Loading class java/net/Proxy done
Event: 13.151 Loading class java/util/concurrent/CompletableFuture$AsyncRun
Event: 13.151 Loading class java/util/concurrent/CompletableFuture$AsyncRun done
Event: 31.296 Loading class jdk/internal/math/FormattedFloatingDecimal$Form
Event: 31.296 Loading class jdk/internal/math/FormattedFloatingDecimal$Form done
Event: 31.296 Loading class jdk/internal/math/FormattedFloatingDecimal
Event: 31.297 Loading class jdk/internal/math/FormattedFloatingDecimal done
Event: 31.297 Loading class jdk/internal/math/FormattedFloatingDecimal$1
Event: 31.297 Loading class jdk/internal/math/FormattedFloatingDecimal$1 done
Event: 31.297 Loading class jdk/internal/math/FormattedFloatingDecimal$2
Event: 31.297 Loading class jdk/internal/math/FormattedFloatingDecimal$2 done
Event: 32.489 Loading class jdk/internal/misc/ScopedMemoryAccess$Scope$Handle
Event: 32.489 Loading class jdk/internal/misc/ScopedMemoryAccess$Scope$Handle done

Classes unloaded (0 events):
No events

Classes redefined (0 events):
No events

Internal exceptions (20 events):
Event: 12.231 Thread 0x000001e9294d7590 Exception <a 'java/io/IOException'{0x000000074cc72f28}> (0x000000074cc72f28) 
thrown [s\src\hotspot\share\prims\jni.cpp, line 516]
Event: 12.245 Thread 0x000001e9294d93f0 Exception <a 'java/lang/NoSuchMethodError'{0x000000074cb09330}: static Lorg/gradle/internal/build/event/types/DefaultFailureResult;.<clinit>()V> (0x000000074cb09330) 
thrown [s\src\hotspot\share\prims\jni.cpp, line 1112]
Event: 12.246 Thread 0x000001e9294d93f0 Exception <a 'java/lang/NoSuchMethodError'{0x000000074c912150}: static Lorg/gradle/internal/build/event/types/DefaultFailure;.<clinit>()V> (0x000000074c912150) 
thrown [s\src\hotspot\share\prims\jni.cpp, line 1112]
Event: 12.250 Thread 0x000001e9294d93f0 Implicit null exception at 0x000001e9784cf380 to 0x000001e9784cf514
Event: 12.281 Thread 0x000001e9294d7590 Exception <a 'java/lang/NoSuchMethodError'{0x000000074bf4f218}: 'java.lang.Object java.lang.invoke.DirectMethodHandle$Holder.newInvokeSpecial(java.lang.Object, int, java.lang.Object)'> (0x000000074bf4f218) 
thrown [s\src\hotspot\share\interpreter\linkResolver.cpp, line 759]
Event: 12.282 Thread 0x000001e9294d7590 Exception <a 'java/lang/NoSuchMethodError'{0x000000074bf5c750}: 'void java.lang.invoke.DirectMethodHandle$Holder.invokeSpecial(java.lang.Object, java.lang.Object, int)'> (0x000000074bf5c750) 
thrown [s\src\hotspot\share\interpreter\linkResolver.cpp, line 759]
Event: 12.302 Thread 0x000001e9294d7590 Exception <a 'java/lang/NoSuchMethodError'{0x000000074bfca7d8}: 'void java.lang.invoke.DirectMethodHandle$Holder.invokeStatic(java.lang.Object, int, java.lang.Object)'> (0x000000074bfca7d8) 
thrown [s\src\hotspot\share\interpreter\linkResolver.cpp, line 759]
Event: 12.314 Thread 0x000001e9294d7590 Exception <a 'java/lang/NoSuchMethodError'{0x000000074bc34838}: 'java.lang.Object java.lang.invoke.Invokers$Holder.linkToTargetMethod(java.lang.Object, java.lang.Object, java.lang.Object, int, java.lang.Object, java.lang.Object)'> (0x000000074bc34838) 
thrown [s\src\hotspot\share\interpreter\linkResolver.cpp, line 759]
Event: 13.147 Thread 0x000001e92adccc60 Exception <a 'java/lang/NoSuchMethodError'{0x000000074b11bcc0}: static Lorg/gradle/internal/classloader/ClassLoaderSpec;.<clinit>()V> (0x000000074b11bcc0) 
thrown [s\src\hotspot\share\prims\jni.cpp, line 1112]
Event: 13.148 Thread 0x000001e92adccc60 Exception <a 'java/lang/NoSuchMethodError'{0x000000074b127df8}: static Lorg/gradle/internal/classloader/VisitableURLClassLoader$Spec;.<clinit>()V> (0x000000074b127df8) 
thrown [s\src\hotspot\share\prims\jni.cpp, line 1112]
Event: 32.289 Thread 0x000001e9294d7590 Exception <a 'sun/nio/fs/WindowsException'{0x000000074a528d38}> (0x000000074a528d38) 
thrown [s\src\hotspot\share\prims\jni.cpp, line 516]
Event: 32.289 Thread 0x000001e9294d7590 Exception <a 'sun/nio/fs/WindowsException'{0x000000074a52a4b0}> (0x000000074a52a4b0) 
thrown [s\src\hotspot\share\prims\jni.cpp, line 516]
Event: 32.290 Thread 0x000001e9294d7590 Exception <a 'sun/nio/fs/WindowsException'{0x000000074a52bc18}> (0x000000074a52bc18) 
thrown [s\src\hotspot\share\prims\jni.cpp, line 516]
Event: 32.290 Thread 0x000001e9294d7590 Exception <a 'sun/nio/fs/WindowsException'{0x000000074a52d360}> (0x000000074a52d360) 
thrown [s\src\hotspot\share\prims\jni.cpp, line 516]
Event: 32.359 Thread 0x000001e9294d7590 Exception <a 'sun/nio/fs/WindowsException'{0x000000074a2f3580}> (0x000000074a2f3580) 
thrown [s\src\hotspot\share\prims\jni.cpp, line 516]
Event: 32.359 Thread 0x000001e9294d7590 Exception <a 'sun/nio/fs/WindowsException'{0x000000074a2f5248}> (0x000000074a2f5248) 
thrown [s\src\hotspot\share\prims\jni.cpp, line 516]
Event: 32.360 Thread 0x000001e9294d7590 Exception <a 'sun/nio/fs/WindowsException'{0x000000074a2f6f00}> (0x000000074a2f6f00) 
thrown [s\src\hotspot\share\prims\jni.cpp, line 516]
Event: 32.360 Thread 0x000001e9294d7590 Exception <a 'sun/nio/fs/WindowsException'{0x000000074a2f8b98}> (0x000000074a2f8b98) 
thrown [s\src\hotspot\share\prims\jni.cpp, line 516]
Event: 32.401 Thread 0x000001e9294d7590 Exception <a 'sun/nio/fs/WindowsException'{0x00000007493770a8}> (0x00000007493770a8) 
thrown [s\src\hotspot\share\prims\jni.cpp, line 516]
Event: 32.401 Thread 0x000001e9294d7590 Exception <a 'sun/nio/fs/WindowsException'{0x0000000749378e60}> (0x0000000749378e60) 
thrown [s\src\hotspot\share\prims\jni.cpp, line 516]

VM Operations (20 events):
Event: 12.760 Executing VM operation: HandshakeAllThreads
Event: 12.760 Executing VM operation: HandshakeAllThreads done
Event: 12.762 Executing VM operation: HandshakeAllThreads
Event: 12.762 Executing VM operation: HandshakeAllThreads done
Event: 13.777 Executing VM operation: Cleanup
Event: 13.777 Executing VM operation: Cleanup done
Event: 15.793 Executing VM operation: Cleanup
Event: 15.793 Executing VM operation: Cleanup done
Event: 18.826 Executing VM operation: Cleanup
Event: 18.826 Executing VM operation: Cleanup done
Event: 22.862 Executing VM operation: Cleanup
Event: 22.862 Executing VM operation: Cleanup done
Event: 27.898 Executing VM operation: Cleanup
Event: 27.898 Executing VM operation: Cleanup done
Event: 29.911 Executing VM operation: Cleanup
Event: 29.911 Executing VM operation: Cleanup done
Event: 31.927 Executing VM operation: Cleanup
Event: 31.928 Executing VM operation: Cleanup done
Event: 32.493 Executing VM operation: G1CollectForAllocation
Event: 32.496 Executing VM operation: G1CollectForAllocation done

Memory protections (0 events):
No events

Nmethod flushes (20 events):
Event: 11.773 Thread 0x000001e909b9a3c0 flushing  nmethod 0x000001e97124b610
Event: 11.773 Thread 0x000001e909b9a3c0 flushing  nmethod 0x000001e97124ca90
Event: 11.773 Thread 0x000001e909b9a3c0 flushing  nmethod 0x000001e97124d510
Event: 11.773 Thread 0x000001e909b9a3c0 flushing  nmethod 0x000001e97124df10
Event: 11.773 Thread 0x000001e909b9a3c0 flushing  nmethod 0x000001e97124f310
Event: 11.773 Thread 0x000001e909b9a3c0 flushing  nmethod 0x000001e971250190
Event: 11.773 Thread 0x000001e909b9a3c0 flushing  nmethod 0x000001e97125a710
Event: 11.773 Thread 0x000001e909b9a3c0 flushing  nmethod 0x000001e97125ac10
Event: 11.773 Thread 0x000001e909b9a3c0 flushing  nmethod 0x000001e97125d390
Event: 11.773 Thread 0x000001e909b9a3c0 flushing  nmethod 0x000001e97125dd90
Event: 11.773 Thread 0x000001e909b9a3c0 flushing  nmethod 0x000001e97125e210
Event: 11.773 Thread 0x000001e909b9a3c0 flushing  nmethod 0x000001e9712a5010
Event: 11.773 Thread 0x000001e909b9a3c0 flushing  nmethod 0x000001e971310490
Event: 11.773 Thread 0x000001e909b9a3c0 flushing  nmethod 0x000001e971321910
Event: 11.773 Thread 0x000001e909b9a3c0 flushing  nmethod 0x000001e971322190
Event: 11.773 Thread 0x000001e909b9a3c0 flushing  nmethod 0x000001e971324d10
Event: 11.773 Thread 0x000001e909b9a3c0 flushing  nmethod 0x000001e971336710
Event: 11.773 Thread 0x000001e909b9a3c0 flushing  nmethod 0x000001e971337290
Event: 11.773 Thread 0x000001e909b9a3c0 flushing  nmethod 0x000001e97133c790
Event: 11.773 Thread 0x000001e909b9a3c0 flushing  nmethod 0x000001e97133d090

Events (20 events):
Event: 13.157 Thread 0x000001e92adcd140 Thread exited: 0x000001e92adcd140
Event: 13.793 Thread 0x000001e92e2d9f80 Thread exited: 0x000001e92e2d9f80
Event: 16.790 Thread 0x000001e92e2d9a30 Thread exited: 0x000001e92e2d9a30
Event: 31.251 Thread 0x000001e92adccc60 Thread added: 0x000001e92d982750
Event: 31.284 Thread 0x000001e92adccc60 Thread added: 0x000001e92d982240
Event: 31.296 Thread 0x000001e9294d7590 Thread added: 0x000001e92d985f00
Event: 31.299 Thread 0x000001e9294d7590 Thread added: 0x000001e92d986410
Event: 31.300 Thread 0x000001e9294d7590 Thread added: 0x000001e92d988270
Event: 31.306 Thread 0x000001e909b94010 Thread added: 0x000001e92e2d6a60
Event: 31.307 Thread 0x000001e909b94010 Thread added: 0x000001e92e2d7500
Event: 31.310 Thread 0x000001e9294d7590 Thread added: 0x000001e92d986920
Event: 31.325 Thread 0x000001e9294d7590 Thread added: 0x000001e92d9891a0
Event: 31.794 Thread 0x000001e92e2d7500 Thread exited: 0x000001e92e2d7500
Event: 31.794 Thread 0x000001e92e2d6a60 Thread exited: 0x000001e92e2d6a60
Event: 32.212 Thread 0x000001e909b94010 Thread added: 0x000001e92e2d9a30
Event: 32.220 Thread 0x000001e9294d7590 Thread added: 0x000001e92d986e30
Event: 32.234 Thread 0x000001e9294d7590 Thread added: 0x000001e92d987340
Event: 32.244 Thread 0x000001e9294d7590 Thread added: 0x000001e92d987d60
Event: 32.295 Thread 0x000001e909b94010 Thread added: 0x000001e92e2d6a60
Event: 32.301 Thread 0x000001e9294d7590 Thread added: 0x000001e92d987850


Dynamic libraries:
0x00007ff74e5b0000 - 0x00007ff74e5be000 	C:\Program Files\Microsoft\jdk-17.0.18.8-hotspot\bin\java.exe
0x00007ffb7d880000 - 0x00007ffb7dae7000 	C:\WINDOWS\SYSTEM32\ntdll.dll
0x00007ffb7c690000 - 0x00007ffb7c759000 	C:\WINDOWS\System32\KERNEL32.DLL
0x00007ffb7a590000 - 0x00007ffb7a981000 	C:\WINDOWS\System32\KERNELBASE.dll
0x00007ffb7b4d0000 - 0x00007ffb7b61b000 	C:\WINDOWS\System32\ucrtbase.dll
0x00007ffb60240000 - 0x00007ffb60258000 	C:\Program Files\Microsoft\jdk-17.0.18.8-hotspot\bin\jli.dll
0x00007ffb60220000 - 0x00007ffb6023e000 	C:\Program Files\Microsoft\jdk-17.0.18.8-hotspot\bin\VCRUNTIME140.dll
0x00007ffb7bd10000 - 0x00007ffb7bed5000 	C:\WINDOWS\System32\USER32.dll
0x00007ffb5fc50000 - 0x00007ffb5fee3000 	C:\WINDOWS\WinSxS\amd64_microsoft.windows.common-controls_6595b64144ccf1df_6.0.26100.8037_none_3e092faae333b53b\COMCTL32.dll
0x00007ffb7ab70000 - 0x00007ffb7ab97000 	C:\WINDOWS\System32\win32u.dll
0x00007ffb7d010000 - 0x00007ffb7d0b9000 	C:\WINDOWS\System32\msvcrt.dll
0x00007ffb7cdb0000 - 0x00007ffb7cddb000 	C:\WINDOWS\System32\GDI32.dll
0x00007ffb7a990000 - 0x00007ffb7aabb000 	C:\WINDOWS\System32\gdi32full.dll
0x00007ffb7a160000 - 0x00007ffb7a203000 	C:\WINDOWS\System32\msvcp_win.dll
0x00007ffb7b620000 - 0x00007ffb7b651000 	C:\WINDOWS\System32\IMM32.DLL
0x00007ffb75040000 - 0x00007ffb7504c000 	C:\Program Files\Microsoft\jdk-17.0.18.8-hotspot\bin\vcruntime140_1.dll
0x00007ffb5b160000 - 0x00007ffb5b1e9000 	C:\Program Files\Microsoft\jdk-17.0.18.8-hotspot\bin\msvcp140.dll
0x00007ffafaf20000 - 0x00007ffafbb9a000 	C:\Program Files\Microsoft\jdk-17.0.18.8-hotspot\bin\server\jvm.dll
0x00007ffb7bb00000 - 0x00007ffb7bbbb000 	C:\WINDOWS\System32\ADVAPI32.dll
0x00007ffb7b660000 - 0x00007ffb7b707000 	C:\WINDOWS\System32\sechost.dll
0x00007ffb7bbc0000 - 0x00007ffb7bcd8000 	C:\WINDOWS\System32\RPCRT4.dll
0x00007ffb7bfe0000 - 0x00007ffb7c054000 	C:\WINDOWS\System32\WS2_32.dll
0x00007ffb79fc0000 - 0x00007ffb7a01e000 	C:\WINDOWS\SYSTEM32\POWRPROF.dll
0x00007ffb6be30000 - 0x00007ffb6be65000 	C:\WINDOWS\SYSTEM32\WINMM.dll
0x00007ffb717a0000 - 0x00007ffb717ab000 	C:\WINDOWS\SYSTEM32\VERSION.dll
0x00007ffb79fa0000 - 0x00007ffb79fb4000 	C:\WINDOWS\SYSTEM32\UMPDC.dll
0x00007ffb78ec0000 - 0x00007ffb78edb000 	C:\WINDOWS\SYSTEM32\kernel.appcore.dll
0x00007ffb71230000 - 0x00007ffb7123a000 	C:\Program Files\Microsoft\jdk-17.0.18.8-hotspot\bin\jimage.dll
0x00007ffb78020000 - 0x00007ffb78262000 	C:\WINDOWS\SYSTEM32\DBGHELP.DLL
0x00007ffb7b770000 - 0x00007ffb7baf2000 	C:\WINDOWS\System32\combase.dll
0x00007ffb7c120000 - 0x00007ffb7c1f7000 	C:\WINDOWS\System32\OLEAUT32.dll
0x00007ffb56630000 - 0x00007ffb5666b000 	C:\WINDOWS\SYSTEM32\dbgcore.DLL
0x00007ffb7aac0000 - 0x00007ffb7ab65000 	C:\WINDOWS\System32\bcryptPrimitives.dll
0x00007ffb5cec0000 - 0x00007ffb5cecf000 	C:\Program Files\Microsoft\jdk-17.0.18.8-hotspot\bin\instrument.dll
0x00007ffb601f0000 - 0x00007ffb60216000 	C:\Program Files\Microsoft\jdk-17.0.18.8-hotspot\bin\java.dll
0x00007ffb5ae60000 - 0x00007ffb5af36000 	C:\Program Files\Microsoft\jdk-17.0.18.8-hotspot\bin\jsvml.dll
0x00007ffb7d0c0000 - 0x00007ffb7d81f000 	C:\WINDOWS\System32\SHELL32.dll
0x00007ffb7a2a0000 - 0x00007ffb7a40a000 	C:\WINDOWS\System32\wintypes.dll
0x00007ffb7aba0000 - 0x00007ffb7b404000 	C:\WINDOWS\System32\windows.storage.dll
0x00007ffb7c8e0000 - 0x00007ffb7c9d7000 	C:\WINDOWS\System32\SHCORE.dll
0x00007ffb7bf70000 - 0x00007ffb7bfd7000 	C:\WINDOWS\System32\shlwapi.dll
0x00007ffb7a080000 - 0x00007ffb7a0a9000 	C:\WINDOWS\SYSTEM32\profapi.dll
0x00007ffb5d3a0000 - 0x00007ffb5d3b8000 	C:\Program Files\Microsoft\jdk-17.0.18.8-hotspot\bin\zip.dll
0x00007ffb5e420000 - 0x00007ffb5e43b000 	C:\Program Files\Microsoft\jdk-17.0.18.8-hotspot\bin\net.dll
0x00007ffb71880000 - 0x00007ffb719a7000 	C:\WINDOWS\SYSTEM32\WINHTTP.dll
0x00007ffb79440000 - 0x00007ffb794ab000 	C:\WINDOWS\system32\mswsock.dll
0x00007ffb5d3c0000 - 0x00007ffb5d3d6000 	C:\Program Files\Microsoft\jdk-17.0.18.8-hotspot\bin\nio.dll
0x00007ffb5ec70000 - 0x00007ffb5ec80000 	C:\Program Files\Microsoft\jdk-17.0.18.8-hotspot\bin\verify.dll
0x00007ffb5e2d0000 - 0x00007ffb5e2f7000 	C:\Users\shres\.gradle\native\c067742578af261105cb4f569cf0c3c89f3d7b1fecec35dd04571415982c5e48\windows-amd64\native-platform.dll
0x00007ffb10350000 - 0x00007ffb10494000 	C:\Users\shres\.gradle\native\100fb08df4bc3b14c8652ba06237920a3bd2aa13389f12d3474272988ae205f9\windows-amd64\native-platform-file-events.dll
0x00007ffb5d320000 - 0x00007ffb5d32a000 	C:\Program Files\Microsoft\jdk-17.0.18.8-hotspot\bin\management.dll
0x00007ffb5d310000 - 0x00007ffb5d31c000 	C:\Program Files\Microsoft\jdk-17.0.18.8-hotspot\bin\management_ext.dll
0x00007ffb7c110000 - 0x00007ffb7c118000 	C:\WINDOWS\System32\PSAPI.DLL
0x00007ffb79740000 - 0x00007ffb7975b000 	C:\WINDOWS\SYSTEM32\CRYPTSP.dll
0x00007ffb78e20000 - 0x00007ffb78e59000 	C:\WINDOWS\system32\rsaenh.dll
0x00007ffb79510000 - 0x00007ffb79542000 	C:\WINDOWS\SYSTEM32\USERENV.dll
0x00007ffb7a050000 - 0x00007ffb7a07a000 	C:\WINDOWS\SYSTEM32\bcrypt.dll
0x00007ffb79760000 - 0x00007ffb7976c000 	C:\WINDOWS\SYSTEM32\CRYPTBASE.dll
0x00007ffb788a0000 - 0x00007ffb788d3000 	C:\WINDOWS\SYSTEM32\IPHLPAPI.DLL
0x00007ffb7d830000 - 0x00007ffb7d83a000 	C:\WINDOWS\System32\NSI.dll
0x00007ffb71780000 - 0x00007ffb7179d000 	C:\WINDOWS\SYSTEM32\dhcpcsvc6.DLL
0x00007ffb71750000 - 0x00007ffb71773000 	C:\WINDOWS\SYSTEM32\dhcpcsvc.DLL
0x00007ffb78930000 - 0x00007ffb78a5a000 	C:\WINDOWS\SYSTEM32\DNSAPI.dll
0x00007ffb5ced0000 - 0x00007ffb5ced9000 	C:\Program Files\Microsoft\jdk-17.0.18.8-hotspot\bin\extnet.dll
0x00007ffb5ceb0000 - 0x00007ffb5cebe000 	C:\Program Files\Microsoft\jdk-17.0.18.8-hotspot\bin\sunmscapi.dll
0x00007ffb7a410000 - 0x00007ffb7a587000 	C:\WINDOWS\System32\CRYPT32.dll
0x00007ffb79960000 - 0x00007ffb79990000 	C:\WINDOWS\SYSTEM32\ncrypt.dll
0x00007ffb79910000 - 0x00007ffb7994f000 	C:\WINDOWS\SYSTEM32\NTASN1.dll
0x00007ffb55910000 - 0x00007ffb55918000 	C:\WINDOWS\system32\wshunix.dll

dbghelp: loaded successfully - version: 4.0.5 - missing functions: none
symbol engine: initialized successfully - sym options: 0x614 - pdb path: .;C:\Program Files\Microsoft\jdk-17.0.18.8-hotspot\bin;C:\WINDOWS\SYSTEM32;C:\WINDOWS\WinSxS\amd64_microsoft.windows.common-controls_6595b64144ccf1df_6.0.26100.8037_none_3e092faae333b53b;C:\Program Files\Microsoft\jdk-17.0.18.8-hotspot\bin\server;C:\Users\shres\.gradle\native\c067742578af261105cb4f569cf0c3c89f3d7b1fecec35dd04571415982c5e48\windows-amd64;C:\Users\shres\.gradle\native\100fb08df4bc3b14c8652ba06237920a3bd2aa13389f12d3474272988ae205f9\windows-amd64

VM Arguments:
jvm_args: -XX:MaxMetaspaceSize=512m --add-opens=java.base/java.util=ALL-UNNAMED --add-opens=java.base/java.lang=ALL-UNNAMED --add-opens=java.base/java.lang.invoke=ALL-UNNAMED --add-opens=java.prefs/java.util.prefs=ALL-UNNAMED --add-exports=jdk.compiler/com.sun.tools.javac.api=ALL-UNNAMED --add-exports=jdk.compiler/com.sun.tools.javac.util=ALL-UNNAMED --add-opens=java.base/java.nio.charset=ALL-UNNAMED --add-opens=java.base/java.net=ALL-UNNAMED --add-opens=java.base/java.util.concurrent.atomic=ALL-UNNAMED -Xmx3072m -Dfile.encoding=utf8 -Duser.country=US -Duser.language=en -Duser.variant -javaagent:C:\Users\shres\.gradle\wrapper\dists\gradle-8.9-bin\90cnw93cvbtalezasaz0blq0a\gradle-8.9\lib\agents\gradle-instrumentation-agent-8.9.jar 
java_command: org.gradle.launcher.daemon.bootstrap.GradleDaemon 8.9
java_class_path (initial): C:\Users\shres\.gradle\wrapper\dists\gradle-8.9-bin\90cnw93cvbtalezasaz0blq0a\gradle-8.9\lib\gradle-daemon-main-8.9.jar
Launcher Type: SUN_STANDARD

[Global flags]
     intx CICompilerCount                          = 4                                         {product} {ergonomic}
   size_t CompressedClassSpaceSize                 = 436207616                                 {product} {ergonomic}
     uint ConcGCThreads                            = 3                                         {product} {ergonomic}
     uint G1ConcRefinementThreads                  = 10                                        {product} {ergonomic}
   size_t G1HeapRegionSize                         = 2097152                                   {product} {ergonomic}
    uintx GCDrainStackTargetSize                   = 64                                        {product} {ergonomic}
   size_t InitialHeapSize                          = 268435456                                 {product} {ergonomic}
   size_t MarkStackSize                            = 4194304                                   {product} {ergonomic}
   size_t MaxHeapSize                              = 3221225472                                {product} {command line}
   size_t MaxMetaspaceSize                         = 536870912                                 {product} {command line}
   size_t MaxNewSize                               = 1931476992                                {product} {ergonomic}
   size_t MinHeapDeltaBytes                        = 2097152                                   {product} {ergonomic}
   size_t MinHeapSize                              = 8388608                                   {product} {ergonomic}
    uintx NonNMethodCodeHeapSize                   = 5839372                                {pd product} {ergonomic}
    uintx NonProfiledCodeHeapSize                  = 122909434                              {pd product} {ergonomic}
    uintx ProfiledCodeHeapSize                     = 122909434                              {pd product} {ergonomic}
    uintx ReservedCodeCacheSize                    = 251658240                              {pd product} {ergonomic}
     bool SegmentedCodeCache                       = true                                      {product} {ergonomic}
   size_t SoftMaxHeapSize                          = 3221225472                             {manageable} {ergonomic}
     bool UseCompressedClassPointers               = true                           {product lp64_product} {ergonomic}
     bool UseCompressedOops                        = true                           {product lp64_product} {ergonomic}
     bool UseG1GC                                  = true                                      {product} {ergonomic}
     bool UseLargePagesIndividualAllocation        = false                                  {pd product} {ergonomic}

Logging:
Log output configuration:
 #0: stdout all=warning uptime,level,tags
 #1: stderr all=off uptime,level,tags

Environment Variables:
JAVA_HOME=C:\Program Files\Microsoft\jdk-17.0.18.8-hotspot\
PATH=C:\Program Files\Microsoft\jdk-17.0.18.8-hotspot\bin;c:\Users\shres\AppData\Local\Programs\cursor\resources\app\bin;C:\Program Files\Common Files\Oracle\Java\javapath;C:\Program Files (x86)\Common Files\Oracle\Java\javapath;C:\WINDOWS\system32;C:\WINDOWS;C:\WINDOWS\System32\Wbem;C:\WINDOWS\System32\WindowsPowerShell\v1.0\;C:\WINDOWS\System32\OpenSSH\;C:\Program Files (x86)\NVIDIA Corporation\PhysX\Common;C:\Users\shres\AppData\Local\Programs\Python\Python312\Scripts\;C:\Users\shres\AppData\Local\Programs\Python\Python312\;C:\Users\shres\AppData\Local\Programs\Python\Launcher\;C:\Users\shres\AppData\Local\Microsoft\WindowsApps;C:\adb;C:\Program Files\dotnet\;C:\WINDOWS\system32;C:\WINDOWS;C:\WINDOWS\System32\Wbem;C:\WINDOWS\System32\WindowsPowerShell\v1.0\;C:\WINDOWS\System32\OpenSSH\;C:\Program Files\NVIDIA Corporation\NVIDIA app\NvDLISR;C:\MinGW\bin;C:\Program Files\Git\cmd;C:\Program Files\Cloudflare\Cloudflare WARP\;C:\Program Files\nodejs\;C:\hadoop\bin;C:\Users\shres\AppData\Local\Programs\Python\Python312\Scripts\;C:\Users\shres\AppData\Local\Programs\Pyt;C:\Users\shres\AppData\Local\Programs\Python\Python312\Scripts\;C:\Users\shres\AppData\Local\Programs\Python\Python312\;C:\Users\shres\AppData\Local\Programs\Python\Launcher\;C:\Users\shres\AppData\Local\Microsoft\WindowsApps;C:\Users\shres\AppData\Local\Programs\Microsoft VS Code\bin;C:\Users\shres\.dotnet\tools;C:\Users\shres\AppData\Local\GitHubDesktop\bin;C:\Users\shres\AppData\Roaming\npm;C:\Users\shres\AppData\Local\Programs\cursor\resources\app\bin;C:\Users\shres\AppData\Local\Programs\Antigravity\bin
USERNAME=shres
OS=Windows_NT
PROCESSOR_IDENTIFIER=Intel64 Family 6 Model 158 Stepping 10, GenuineIntel
TMP=C:\Users\shres\AppData\Local\Temp
TEMP=C:\Users\shres\AppData\Local\Temp



Periodic native trim disabled


---------------  S Y S T E M  ---------------

OS:
 Windows 11 , 64 bit Build 26100 (10.0.26100.7920)
OS uptime: 0 days 11:55 hours
Hyper-V role detected

CPU: total 12 (initial active 12) (6 cores per cpu, 2 threads per core) family 6 model 158 stepping 10 microcode 0xde, cx8, cmov, fxsr, ht, mmx, 3dnowpref, sse, sse2, sse3, ssse3, sse4.1, sse4.2, popcnt, lzcnt, tsc, tscinvbit, avx, avx2, aes, erms, clmul, bmi1, bmi2, adx, fma, vzeroupper, clflush, clflushopt, hv
Processor Information for the first 12 processors :
  Max Mhz: 2208, Current Mhz: 2208, Mhz Limit: 2208

Memory: 4k page, system-wide physical 16303M (1246M free)
TotalPageFile size 21994M (AvailPageFile size 2M)
current process WorkingSet (physical memory assigned to process): 499M, peak: 541M
current process commit charge ("private bytes"): 549M, peak: 592M

vm_info: OpenJDK 64-Bit Server VM (17.0.18+8-LTS) for windows-amd64 JRE (17.0.18+8-LTS), built on Jan 15 2026 18:50:45 by "MicrosoftCorporation" with MS VC++ 17.14 (VS2022)

END.
